MyPackages   [Your Project]
    Autofac   [Supported (Pre-Release)]
    NLog   [Supported (Pre-Release)]
        Microsoft.Extensions.PlatformAbstractions   [Supported]
    Microsoft.Web.Xdt   [Unsupported]
    Nancy   [Unsupported]
    Nancy.Bootstrappers.Autofac   [Unsupported]
        Nancy   [Unsupported]
        Autofac   [Supported (Pre-Release)]
    SharpZipLib   [Unsupported]
    Sprache   [Unsupported]
    SSH.NET   [Unsupported]
