PackagesConfig   [Your Project]
    Autofac   [Supported (Pre-Release)]
    NLog   [Supported (Pre-Release)]
        Microsoft.Extensions.PlatformAbstractions   [Supported]
    Microsoft.Web.Xdt   [Unsupported]
    Nancy   [Supported (Pre-Release)]
        Microsoft.CSharp   [Supported]
        Microsoft.Extensions.PlatformAbstractions   [Supported]
        Microsoft.Extensions.DependencyModel   [Supported]
            Microsoft.DotNet.InternalAbstractions   [Supported]
            Newtonsoft.Json   [Supported]
                Microsoft.CSharp   [Supported]
    Nancy.Bootstrappers.Autofac   [Unsupported]
        Nancy   [Supported (Pre-Release)]
            Microsoft.CSharp   [Supported]
            Microsoft.Extensions.PlatformAbstractions   [Supported]
            Microsoft.Extensions.DependencyModel   [Supported]
                Microsoft.DotNet.InternalAbstractions   [Supported]
                Newtonsoft.Json   [Supported]
                    Microsoft.CSharp   [Supported]
        Autofac   [Supported (Pre-Release)]
    SharpZipLib   [Unsupported]
    Sprache   [Unsupported]
    SSH.NET   [Unsupported]
ProjectJson   [Your Project]
    Antlr   [Unsupported]
    bootstrap   [Unsupported]
        jQuery   [Unsupported]
Paket   [Your Project]
    DotNetZip   [Unsupported]
