MyPackages       Autofac   [Supported]
    NLog   [Supported]
        NETStandard.Library   [Supported]
            Microsoft.Win32.Primitives   [Supported]
        Microsoft.Extensions.PlatformAbstractions   [Supported]
    Microsoft.Web.Xdt   [Unsupported]
    Nancy   [Unsupported]
    Nancy.Bootstrappers.Autofac   [Unsupported]
        Nancy   [Unsupported]
        Autofac   [Supported]
    SharpZipLib   [Unsupported]
    Sprache   [Unsupported]
    SSH.NET   [Unsupported]
        SshNet.Security.Cryptography   [Supported]
