51Degrees.mobi                                      3.2.10.3-beta            Unsupported
ABCpdf                                              10.1.1.1                 Unsupported
Abot                                                1.5.1.42                 Unsupported
Abp                                                 0.10.1.2                 Unsupported
Abp.AutoMapper                                      0.10.1.0                 Unsupported
Abp.EntityFramework                                 0.10.1.0                 Unsupported
Abp.EntityFramework.Common                          0.10.1.0                 Unsupported
Akka                                                1.1.1                    Unsupported
Akka.Cluster                                        1.1.1                    Unsupported
AndroidSegmentedControl.Droid.Binding               1.0.2                    Unsupported
AngleSharp                                          0.9.7                    Supported
Angular.UI.Bootstrap                                1.3.3                    NoDotNetLibraries
Angular.UI.UI-Router                                0.2.18                   NoDotNetLibraries
Angular.UI.Utils                                    0.2.3                    NoDotNetLibraries
angular-file-upload                                 12.0.4                   NoDotNetLibraries
AngularGoogleMaps                                   2.0.1                    Unsupported
AngularInjector                                     1.0.0                    Unsupported
angularjs                                           1.5.7                    NoDotNetLibraries
AngularJS.Animate                                   1.5.7                    NoDotNetLibraries
Aspose.Words                                        16.6.0                   Unsupported
AsyncErrorHandler.Fody                              1.0.11.0                 NoDotNetLibraries
AsyncIO                                             0.1.26.0                 Supported
AttributeRouting                                    3.5.6                    Unsupported
Autofac.Web                                         4.0.0                    Unsupported
DotNetOpenAuth.OAuth.Consumer                       5.0.0-alpha3             Unsupported
EnterpriseLibrary.TransientFaultHandling.Configuration6.0.1304.0               Unsupported
FSharp.Data                                         2.3.1                    Supported
FSharp.Data.TypeProviders                           5.0.0.2                  Unsupported
Glimpse                                             2.0.0-beta1              PreRelease
glue                                                0.9                      Unsupported
Google.Apis                                         1.14.0                   Unsupported
Google.Apis.Admin.Directory.directory_v1            1.14.0.561               Supported
Google.Apis.AndroidPublisher.v2                     1.14.0.543               Supported
Google.Apis.Auth                                    1.14.0                   Unsupported
Google.Apis.Calendar.v3                             1.14.0.558               Supported
Google.Apis.Core                                    1.14.0                   Unsupported
Google.Apis.Customsearch.v1                         1.14.0.466               Supported
Google.GData.Client                                 2.2.0.0                  Unsupported
Google.GData.Extensions                             2.2.0.0                  Unsupported
Google.ProtocolBuffers                              2.4.1.555                Unsupported
googlemaps.TypeScript.DefinitelyTyped               0.7.1                    NoDotNetLibraries
GraphicsMagick.NET-Q16-AnyCPU                       1.3.23.1                 Unsupported
GraphViz.NET                                        1.0.0                    Unsupported
GravatarHelper                                      3.3.2                    Unsupported
Grid.Mvc                                            3.1.0-ci1036             Unsupported
Grid.Mvc.DatePicker                                 1.0.0                    NoDotNetLibraries
Grid.Mvc.Redux                                      1.0.4                    Unsupported
Griddly                                             1.5.7.0                  NoDotNetLibraries
Halibut                                             2.2.3                    Unsupported
Hammock                                             1.3.1                    Unsupported
handlebars.TypeScript.DefinitelyTyped               1.1.7                    NoDotNetLibraries
Hangfire                                            1.6.0                    Supported
Hangfire.AspNetCore                                 1.6.0                    Supported
Hangfire.Autofac                                    2.2.0                    Unsupported
Hangfire.Core                                       1.6.0                    Supported
Hangfire.Dashboard.Authorization                    2.1.0                    Unsupported
Hangfire.MemoryStorage                              1.3.0.0                  Unsupported
Hangfire.Ninject                                    1.2.0                    Unsupported
Hangfire.SimpleInjector                             1.3.0.0                  Unsupported
Hangfire.SqlServer                                  1.6.0                    Supported
Hangfire.StructureMap                               1.6.0                    Unsupported
Harvest.Chosen                                      1.4.2                    NoDotNetLibraries
Heijden.Dns                                         1.0.0                    Unsupported
Hekate                                              3.2.0                    Unsupported
Helios                                              2.1.2                    Unsupported
highcharts.TypeScript.DefinitelyTyped               0.4.3                    NoDotNetLibraries
history.TypeScript.DefinitelyTyped                  0.2.7                    NoDotNetLibraries
Hopac                                               0.2.1                    Unsupported
html5shiv                                           0.1.0.8                  NoDotNetLibraries
HtmlAgilityPack                                     1.4.9.5                  Unsupported
HtmlAgilityPack.NetCore                             1.4.9.2                  Supported
HtmlSanitizationLibrary                             1.0.0                    Unsupported
HtmlSanitizer                                       3.3.127-beta             PreRelease
Http.fs-prerelease                                  3.0.5                    NotFound
HttpClientDiagnostics                               1.1.1.1462518862         Unsupported
Humanizer                                           2.1.0                    NoDotNetLibraries
Humanizer.Core                                      2.1.0                    Supported
Humanizer.Core.af                                   2.1.0                    Supported
Humanizer.Core.de                                   2.1.0                    Supported
Hyak.Common                                         1.1.0                    Unsupported
ICSharpCode.SharpZipLib.dll                         0.85.4.369               Unsupported
IdentityModel                                       2.0.0-beta5              PreRelease
IdentityServer.WindowsAuthentication                1.1.1                    Unsupported
IdentityServer3                                     2.5.1                    Unsupported
IdentityServer3.AccessTokenValidation               2.10.0                   Unsupported
IdentityServer3.AspNetIdentity                      2.0.0                    NoDotNetLibraries
IdentityServer3.MembershipReboot                    2.0.0                    NoDotNetLibraries
Iesi.Collections                                    4.0.1.4000               Unsupported
IKVM                                                8.1.5717.0               Unsupported
ILRepack                                            2.1.0-beta1              NoDotNetLibraries
ImageProcessor                                      2.4.3.0                  Unsupported
ImageProcessor.Web                                  4.6.3.0                  Unsupported
ImageProcessor.Web.Config                           2.3.0.0                  Unsupported
ImageResizer                                        4.0.5                    Unsupported
ImageResizer.Mvc                                    4.0.5                    NoDotNetLibraries
ImageResizer.MvcWebConfig                           4.0.5                    NoDotNetLibraries
ImageResizer.Plugins.AzureReader2                   4.0.5                    Unsupported
ImageResizer.Plugins.DiskCache                      4.0.5                    Unsupported
ImageResizer.Plugins.SqlReader                      4.0.5                    Unsupported
ImageResizer.WebConfig                              4.0.5                    NoDotNetLibraries
ImpromptuInterface                                  6.2.2                    Unsupported
InstaSharp                                          2.0.4                    Unsupported
IPAddressRange                                      1.6.0.0                  Unsupported
IppDotNetSdkForQuickBooksApiV3                      2.5.0                    NotFound
iTextSharp                                          5.5.9                    Unsupported
itextsharp.pdfa                                     5.5.9                    Unsupported
itextsharp.xmlworker                                5.5.9                    Unsupported
Janitor.Fody                                        1.2.1.0                  Supported
jasmine.TypeScript.DefinitelyTyped                  2.3.2                    NoDotNetLibraries
JavaScriptEngineSwitcher.Core                       1.5.0                    Unsupported
JavaScriptEngineSwitcher.Msie                       1.5.4                    Unsupported
JavaScriptEngineSwitcher.V8                         1.5.8                    Unsupported
JetBrains.Annotations                               10.1.5                   Supported
JetBrains.Annotations.Core                          8.2.0.2160               Unsupported
Jil                                                 2.14.3                   Unsupported
Jint                                                2.8                      Unsupported
jose-jwt                                            1.9.3                    Unsupported
jQuery                                              3.1.0                    NoDotNetLibraries
jQuery.Ajax.Unobtrusive                             2.0.20710.0              NoDotNetLibraries
jQuery.ba-throttle-debounce                         1.1.0                    NoDotNetLibraries
jQuery.BlockUI                                      2.70                     NoDotNetLibraries
jquery.datatables                                   1.10.11                  NoDotNetLibraries
jQuery.Easing                                       1.3.0.1                  NoDotNetLibraries
jQuery.Migrate                                      3.0.0                    NoDotNetLibraries
jquery.TypeScript.DefinitelyTyped                   3.1.0                    NoDotNetLibraries
jQuery.UI.Combined                                  1.12.0                   NoDotNetLibraries
jquery.validate.unobtrusive.bootstrap               1.2.3                    NoDotNetLibraries
jQuery.Validation                                   1.15.0                   NoDotNetLibraries
jquery-globalize                                    1.1.1                    NoDotNetLibraries
jquery-timepicker-jt                                1.9.0                    NoDotNetLibraries
json2                                               1.0.2                    NoDotNetLibraries
JSPool                                              0.4.1                    Unsupported
JWT                                                 1.3.4                    Unsupported
Knockout.Mapping                                    2.4.0                    NoDotNetLibraries
Knockout.Validation                                 2.0.3                    NoDotNetLibraries
knockoutjs                                          3.4.0                    NoDotNetLibraries
libphonenumber-csharp                               7.2.5                    Unsupported
LibSassHost                                         0.5.2                    Unsupported
Libuv                                               1.9.0                    Supported
LightInject                                         4.0.11                   Supported
LightningDB                                         0.9.4                    Supported
LinqKit                                             1.1.7.0                  Supported
LinqToQuerystring                                   0.7.0.8                  Unsupported
LoadAssembliesOnStartup.Fody                        1.7.0                    NoDotNetLibraries
lodash                                              4.13.1                   NoDotNetLibraries
log4net                                             2.0.5                    Unsupported
log4net.Raygun.WebApi                               4.2.0.18163              Unsupported
logentries.core                                     2.8.0                    Unsupported
logentries.log4net                                  2.8.0                    Unsupported
logentries.nlog                                     2.6.0                    Unsupported
loggly-csharp                                       4.5.1.11                 Unsupported
loggly-csharp-config                                4.5.1.11                 Unsupported
Lu.AspnetIdentity.Dapper                            0.0.3.3                  Unsupported
Lucene.Net                                          3.0.3                    Unsupported
Magnum                                              2.1.3                    Unsupported
MahApps.Metro                                       1.3.0-ALPHA178           NotFound
MailChimp.NET                                       1.1.88                   Unsupported
MailKit                                             1.4.1                    Supported
Markdown                                            1.14.7                   Supported
MarkdownSharp                                       1.13.0.0                 Unsupported
Marten                                              1.0.0-alpha-625          PreRelease
MassTransit                                         3.3.5                    Unsupported
MassTransit.RabbitMQ                                3.3.5                    Unsupported
MaterialDesignColors                                1.1.3                    Unsupported
MaterialDesignThemes                                2.0.1-ci644              Unsupported
MaterialDesignThemes.MahApps                        0.0.6                    Unsupported
MathNet.Numerics                                    3.12.0                   Unsupported
MaxMind.Db                                          2.1.1-beta1              PreRelease
MaxMind.GeoIP2                                      2.7.0-beta2              PreRelease
MediatR                                             2.1.0                    Supported
MediaTypeMap                                        2.1.0.0                  Unsupported
Metrics.NET                                         0.4.0-pre                Unsupported
MicosoftReportViewerWebForms_v11                    1.0.1                    Unsupported
MicroBuild.Core                                     0.2.0                    NoDotNetLibraries
Microsoft.AnalyzerPowerPack                         1.1.0                    NoDotNetLibraries
Microsoft.ApplicationInsights                       2.2.0-beta1              PreRelease
Microsoft.ApplicationInsights.Agent.Intercept       2.0.1                    Unsupported
Microsoft.ApplicationInsights.AspNetCore            1.0.0                    Supported
Microsoft.ApplicationInsights.DependencyCollector   2.2.0-beta1              Unsupported
Microsoft.ApplicationInsights.Log4NetAppender       2.1.0                    Unsupported
Microsoft.ApplicationInsights.NLogTarget            2.1.0                    Unsupported
Microsoft.ApplicationInsights.TraceListener         2.1.0                    Unsupported
Microsoft.ApplicationInsights.Web                   2.2.0-beta1              Unsupported
Microsoft.AspNetCore.Antiforgery                    1.0.0                    Supported
Microsoft.AspNetCore.Authentication                 1.0.0                    Supported
Microsoft.AspNetCore.Authentication.Cookies         1.0.0                    Supported
Microsoft.AspNetCore.Authentication.OpenIdConnect   1.0.0                    Supported
Microsoft.AspNetCore.Authorization                  1.0.0                    Supported
Microsoft.AspNetCore.Cors                           1.0.0                    Supported
Microsoft.Azure.DocumentDB                          1.9.1                    NotFound
Microsoft.Azure.KeyVault.Core                       1.0.0                    Supported
Microsoft.Azure.NotificationHubs                    1.0.6                    Unsupported
Microsoft.Azure.Search                              1.1.2                    Unsupported
Microsoft.Extensions.Logging.Debug                  1.0.0                    Supported
MimeKit                                             1.4.1                    Supported
Mindscape.Raygun4Net                                5.3.1                    Supported
Nancy                                               2.0.0-barneyrubble       PreRelease
Ninject                                             3.2.3-unstable-012       Unsupported
NuGet.LibraryModel                                  3.5.0-beta2-1484         PreRelease
NuGet.PackageNPublish                               0.8.0.2                  NoDotNetLibraries
NuGet.Packaging                                     3.5.0-beta2-1484         PreRelease
NuGet.Packaging.Core                                3.5.0-beta2-1484         PreRelease
NuGet.Packaging.Core.Types                          3.5.0-beta2-1484         PreRelease
NuGet.ProjectModel                                  3.5.0-beta2-1484         PreRelease
NuGet.Protocol.Core.Types                           3.5.0-beta2-1484         PreRelease
NuGet.Protocol.Core.v3                              3.5.0-beta2-1484         PreRelease
NuGet.Repositories                                  3.5.0-beta2-1484         PreRelease
NuGet.RuntimeModel                                  3.5.0-beta2-1484         PreRelease
NuGet.Versioning                                    3.5.0-beta2-1484         PreRelease
NUnit                                               3.4.1                    Supported
NUnit.Console                                       3.4.1                    NoDotNetLibraries
NUnit.ConsoleRunner                                 3.4.1                    NoDotNetLibraries
NUnit.Extension.NUnitProjectLoader                  3.4.1                    NoDotNetLibraries
NUnit.Extension.NUnitV2Driver                       3.4.1                    NoDotNetLibraries
NUnit.Extension.NUnitV2ResultWriter                 3.4.1                    NoDotNetLibraries
NUnit.Extension.TeamCityEventListener               1.0.1                    NoDotNetLibraries
NUnit.Extension.VSProjectLoader                     3.4.1                    NoDotNetLibraries
NUnit.Runners                                       3.4.1                    NoDotNetLibraries
NUnit3TestAdapter                                   3.4.0                    Unsupported
NUnitLite                                           3.4.1                    Supported
NUnitTestAdapter                                    2.0.0                    Unsupported
nuPickers                                           1.5.3                    Unsupported
Nustache                                            1.16.0.1                 Unsupported
OAuth2                                              0.8.37                   Unsupported
Octokit                                             0.20.0                   Supported
OctoPack                                            3.0.71                   Unsupported
Octopus.Client                                      3.4.0-beta0002           Unsupported
Octostache                                          1.0.2.40                 Unsupported
Oracle.ManagedDataAccess                            12.1.24160419            Unsupported
Our.Umbraco.CoreValueConverters                     3.0.0                    Unsupported
Our.Umbraco.NestedContent                           0.3.0                    Unsupported
OwinRequestScopeContext                             1.0.1                    Unsupported
PagedList                                           1.17.0.0                 Unsupported
PagedList.Mvc                                       4.5.0.0                  Unsupported
PCLCrypto                                           2.0.147                  Supported
PCLStorage                                          1.0.2                    Supported
PDFsharp-MigraDoc-gdi                               1.50.4000-beta3b         Unsupported
PhantomJS                                           2.1.1                    NoDotNetLibraries
PInvoke.BCrypt                                      0.3.2                    Supported
PInvoke.Kernel32                                    0.3.2                    Supported
PInvoke.NCrypt                                      0.3.2                    Supported
PInvoke.Windows.Core                                0.3.2                    Unsupported
Platform.NET                                        1.2.1.283                Unsupported
Platform.Xml.Serialization                          1.2.1.283                Unsupported
Polly                                               4.3.0                    Supported
Portable.BouncyCastle                               1.8.1.1                  Supported
Portable.Licensing                                  1.1.0                    Unsupported
PortableRest.Signed                                 3.1.0-Beta4              PreRelease
Postal.Mvc5                                         1.2.0                    Unsupported
PostSharp                                           4.3.13-rc                Unsupported
Prism.Core                                          6.2.0-pre1               Unsupported
Prism.Wpf                                           6.1.1-pre2               Unsupported
PropertyChanged.Fody                                1.51.3                   Supported
protobuf-net                                        2.1.0                    Supported
PubSub                                              1.5.0                    Unsupported
Punchclock                                          1.2.0                    Supported
Q                                                   2.0.2-experimental       NoDotNetLibraries
Quartz                                              2.3.3                    Unsupported
RabbitMQ.Client                                     3.6.3                    Unsupported
RavenDB.Client                                      3.5.0-rc-35160           PreRelease
RavenDB.Client.Authorization                        3.5.0-rc-35160           PreRelease
RazorEngine                                         4.4.0-rc1                Unsupported
RazorGenerator.MsBuild                              2.4.5                    NoDotNetLibraries
RazorGenerator.Mvc                                  2.4.2                    Unsupported
React.Core                                          2.5.0                    Unsupported
react.js                                            0.14.7                   NoDotNetLibraries
React.Web                                           2.5.0                    Unsupported
React.Web.Mvc4                                      2.5.0                    Unsupported
reactiveui                                          6.5.0                    NoDotNetLibraries
ReactiveUI.Fody                                     1.1.51                   Unsupported
reactiveui-androidsupport                           6.5.0                    Unsupported
reactiveui-core                                     6.5.0                    Supported
reactiveui-events                                   6.5.0                    Unsupported
recaptcha                                           1.0.5.0                  Unsupported
RecaptchaNet                                        2.1.0                    Unsupported
RedisAspNetProviders                                1.0.1                    Unsupported
RefactorThis.GraphDiff                              2.0.1                    Unsupported
refit                                               2.4.1                    Supported
Remotion.Linq                                       2.1.1                    Supported
ReportViewerCommon                                  11.0.0.0                 Unsupported
RequireJS                                           2.2.0                    NoDotNetLibraries
requirejs.TypeScript.DefinitelyTyped                0.4.3                    NoDotNetLibraries
ReSharper.Annotations                               7.1.3.130415             Unsupported
Respond                                             1.4.2                    NoDotNetLibraries
RestSharp                                           105.2.3                  Unsupported
RhinoMocks                                          4.0.0-alpha3             Unsupported
RJP.UmbracoMultiUrlPicker                           1.3.1                    Unsupported
RollbarSharp                                        1.0.0.0                  Unsupported
Rotativa                                            1.7.1-beta               Unsupported
routedebugger                                       2.1.5                    Unsupported
Rssdp                                               1.0.0.12                 Supported
runtime.native.System                               4.0.0                    Supported
runtime.native.System.Net.Http                      4.0.1                    Supported
runtime.native.System.Security.Cryptography         4.0.0                    Supported
Ruzzie.Common                                       0.6.26                   Unsupported
Sammy.js                                            0.7.5                    NoDotNetLibraries
Select2.js                                          4.0.3                    NoDotNetLibraries
Selenium.Support                                    2.53.1                   Unsupported
Selenium.WebDriver                                  2.53.1                   Unsupported
Selenium.WebDriver.ChromeDriver                     2.22.0.0                 NoDotNetLibraries
semver                                              1.1.2                    Unsupported
Sendgrid                                            7.1.1                    Unsupported
SendGrid.CSharp.HTTP.Client                         2.0.7                    Unsupported
SendGrid.SmtpApi                                    1.3.1                    Unsupported
Seq.Client.NLog                                     2.3.14                   Unsupported
Serilog                                             2.1.0-dev-00670          PreRelease
Serilog.Enrichers.Thread                            2.0.0                    Supported
Serilog.Extensions.Logging                          1.1.0-dev-10116          PreRelease
Serilog.Extras.MSOwin                               2.0.1                    NoDotNetLibraries
Serilog.Extras.Timing                               2.0.2                    NoDotNetLibraries
Serilog.Extras.Topshelf                             2.0                      NoDotNetLibraries
Serilog.Settings.AppSettings                        2.0.0                    Unsupported
Serilog.Sinks.Elasticsearch                         4.0.142                  Unsupported
Serilog.Sinks.File                                  2.1.0                    Supported
Serilog.Sinks.Literate                              2.1.0-dev-00028          PreRelease
Serilog.Sinks.MSSqlServer                           4.0.0                    Unsupported
Serilog.Sinks.PeriodicBatching                      2.0.0                    Supported
Serilog.Sinks.RollingFile                           2.1.0                    Supported
Serilog.Sinks.Seq                                   3.0.0-dev-00069          PreRelease
Serilog.Sinks.Stackify                              1.23.1-beta2             PreRelease
Serilog.Sinks.Trace                                 2.0.0                    Supported
SerilogMetrics                                      1.0.34                   Unsupported
SerilogWeb.Classic                                  2.0.9                    Unsupported
SerilogWeb.Owin                                     1.0.1                    Unsupported
ServerAppFabric.Client                              1.1.2106.32              Unsupported
ServiceStack                                        4.0.60                   Unsupported
ServiceStack.Api.Swagger                            4.0.60                   Unsupported
ServiceStack.Client                                 4.0.60                   Unsupported
ServiceStack.Common                                 4.0.60                   Unsupported
ServiceStack.Interfaces                             4.0.60                   Unsupported
ServiceStack.Logging.Elmah                          4.0.60                   Unsupported
ServiceStack.Logging.NLog                           4.0.60                   Unsupported
ServiceStack.OrmLite                                4.0.60                   Unsupported
ServiceStack.OrmLite.SqlServer                      4.0.60                   Unsupported
ServiceStack.Redis                                  4.0.60                   Unsupported
ServiceStack.Server                                 4.0.60                   Unsupported
ServiceStack.Text                                   4.0.60                   Unsupported
SevenZipSharp                                       0.64                     Unsupported
Shaolinq                                            1.1.0.924                Unsupported
Shaolinq.Sqlite                                     1.1.0.924                Unsupported
Shaolinq.SqlServer                                  1.1.0.924                Unsupported
SharpBITS                                           2.1.0                    Unsupported
SharpSerializer                                     2.20                     Unsupported
SharpZipLib                                         0.86.0                   Unsupported
Shouldly                                            2.8.0                    Supported
Sigil                                               4.7.0                    Supported
signalr.TypeScript.DefinitelyTyped                  0.4.1                    NoDotNetLibraries
SimpleInjector                                      3.2.0                    Supported
SimpleInjector.Extensions.ExecutionContextScoping   3.2.0                    Supported
SimpleInjector.Extensions.LifetimeScoping           3.2.0                    Supported
SimpleInjector.Integration.Web                      3.2.0                    Unsupported
SimpleInjector.Integration.Web.Mvc                  3.2.0                    Unsupported
SimpleInjector.Integration.WebApi                   3.2.0                    Unsupported
SimpleInjector.Integration.WebApi.WebHost.QuickStart3.2.0                    Unsupported
SimpleInjector.Packaging                            3.2.0                    Supported
SimpleJson                                          0.38.0                   NoDotNetLibraries
SlowCheetah                                         2.5.15                   NoDotNetLibraries
Soda.GoogleAnalytics                                1.0.4491.30130           Unsupported
Soda.GoogleAnalytics.MVC                            1.0.4491.29854           Unsupported
SonarAnalyzer.CSharp                                1.15.0                   NoDotNetLibraries
SourceLink.Fake                                     1.1.0                    NoDotNetLibraries
Spin.js                                             2.3.2.1                  NoDotNetLibraries
Splat                                               1.6.2                    Supported
Sprache                                             2.0.0.52                 Unsupported
sqlite-net-pcl                                      1.1.2                    Unsupported
structuremap                                        4.2.0.402                Supported
WebGrease                                           1.6.0                    Unsupported
WebMarkupMin.Core                                   2.1.0                    Supported
Wire                                                0.7.1                    Supported
xunit                                               2.2.0-beta2-build3300    NoDotNetLibraries
Zlib.Portable                                       1.11.0                   Unsupported